// Jest Snapshot v1, https://goo.gl/fbAQLP

exports[`<Value /> renders correctly 1`] = `
<div
  className="sc-bdVaJa bMSPcM"
/>
`;
