// Jest Snapshot v1, https://goo.gl/fbAQLP

exports[`<Button /> renders correctly 1`] = `
<a
  buttonType="primary"
  className="sc-bdVaJa evISj"
  href="https://www.google.com"
>
  <span
    className="sc-bwzfXH kItmmw"
  >
    This is a button
  </span>
</a>
`;
