// Jest Snapshot v1, https://goo.gl/fbAQLP

exports[`<TransferPip /> renders correctly 1`] = `
<div
  className="sc-htpNat frRoNZ"
>
  <div
    className="sc-bdVaJa kasXVf"
    size="sm"
  />
</div>
`;
