// Jest Snapshot v1, https://goo.gl/fbAQLP

exports[`<Card /> renders correctly 1`] = `
<div
  className="sc-jKJlTe loXQau"
>
  <div
    className="sc-kGXeez hiAgIS"
  >
    <div
      className="sc-EHOje ebxVeD sc-kpOJdX jbuTzW"
      size="md"
    >
      34
       Transactions
    </div>
    <h2>
      <div
        className="sc-VigVT gmvQdD"
        size="md"
      >
        #Â 
        7250672
      </div>
    </h2>
    <div
      className="sc-htpNat cjijsP"
    >
      <ul
        className="sc-bxivhb gNgCgd"
      >
        <li
          className="sc-ifAKCX cFlEyZ"
        >
          <div
            className="sc-bdVaJa ldkUXY"
          >
            <div
              className="sc-bwzfXH iEkxDb"
            />
          </div>
        </li>
        <li
          className="sc-ifAKCX cFlEyZ"
        >
          <div
            className="sc-bdVaJa ldkUXY"
          >
            <div
              className="sc-bwzfXH iEkxDb"
            />
          </div>
        </li>
        <li
          className="sc-ifAKCX cFlEyZ"
        >
          <div
            className="sc-bdVaJa ldkUXY"
          >
            <div
              className="sc-bwzfXH jZccLu"
            />
          </div>
        </li>
        <li
          className="sc-ifAKCX cFlEyZ"
        >
          <div
            className="sc-bdVaJa ldkUXY"
          >
            <div
              className="sc-bwzfXH jZccLu"
            />
          </div>
        </li>
        <li
          className="sc-ifAKCX cFlEyZ"
        >
          <div
            className="sc-bdVaJa ldkUXY"
          >
            <div
              className="sc-bwzfXH jZccLu"
            />
          </div>
        </li>
        <li
          className="sc-ifAKCX cFlEyZ"
        >
          <div
            className="sc-bdVaJa ldkUXY"
          >
            <div
              className="sc-bwzfXH jZccLu"
            />
          </div>
        </li>
        <li
          className="sc-ifAKCX cFlEyZ"
        >
          <div
            className="sc-bdVaJa ldkUXY"
          >
            <div
              className="sc-bwzfXH jZccLu"
            />
          </div>
        </li>
        <li
          className="sc-ifAKCX cFlEyZ"
        >
          <div
            className="sc-bdVaJa ldkUXY"
          >
            <div
              className="sc-bwzfXH jZccLu"
            />
          </div>
        </li>
        <li
          className="sc-ifAKCX cFlEyZ"
        >
          <div
            className="sc-bdVaJa ldkUXY"
          >
            <div
              className="sc-bwzfXH jZccLu"
            />
          </div>
        </li>
        <li
          className="sc-ifAKCX cFlEyZ"
        >
          <div
            className="sc-bdVaJa ldkUXY"
          >
            <div
              className="sc-bwzfXH jZccLu"
            />
          </div>
        </li>
        <li
          className="sc-ifAKCX cFlEyZ"
        >
          <div
            className="sc-bdVaJa ldkUXY"
          >
            <div
              className="sc-bwzfXH jZccLu"
            />
          </div>
        </li>
        <li
          className="sc-ifAKCX cFlEyZ"
        >
          <div
            className="sc-bdVaJa ldkUXY"
          >
            <div
              className="sc-bwzfXH jZccLu"
            />
          </div>
        </li>
        <li
          className="sc-ifAKCX cFlEyZ"
        >
          <div
            className="sc-bdVaJa ldkUXY"
          >
            <div
              className="sc-bwzfXH jZccLu"
            />
          </div>
        </li>
        <li
          className="sc-ifAKCX cFlEyZ"
        >
          <div
            className="sc-bdVaJa ldkUXY"
          >
            <div
              className="sc-bwzfXH jZccLu"
            />
          </div>
        </li>
        <li
          className="sc-ifAKCX cFlEyZ"
        >
          <div
            className="sc-bdVaJa ldkUXY"
          >
            <div
              className="sc-bwzfXH jZccLu"
            />
          </div>
        </li>
        <li
          className="sc-ifAKCX cFlEyZ"
        >
          <div
            className="sc-bdVaJa ldkUXY"
          >
            <div
              className="sc-bwzfXH jZccLu"
            />
          </div>
        </li>
        <li
          className="sc-ifAKCX cFlEyZ"
        >
          <div
            className="sc-bdVaJa ldkUXY"
          >
            <div
              className="sc-bwzfXH jZccLu"
            />
          </div>
        </li>
        <li
          className="sc-ifAKCX cFlEyZ"
        >
          <div
            className="sc-bdVaJa ldkUXY"
          >
            <div
              className="sc-bwzfXH jZccLu"
            />
          </div>
        </li>
        <li
          className="sc-ifAKCX cFlEyZ"
        >
          <div
            className="sc-bdVaJa ldkUXY"
          >
            <div
              className="sc-bwzfXH jZccLu"
            />
          </div>
        </li>
        <li
          className="sc-ifAKCX cFlEyZ"
        >
          <div
            className="sc-bdVaJa ldkUXY"
          >
            <div
              className="sc-bwzfXH jZccLu"
            />
          </div>
        </li>
        <li
          className="sc-ifAKCX cFlEyZ"
        >
          <div
            className="sc-bdVaJa ldkUXY"
          >
            <div
              className="sc-bwzfXH jZccLu"
            />
          </div>
        </li>
        <li
          className="sc-ifAKCX cFlEyZ"
        >
          <div
            className="sc-bdVaJa ldkUXY"
          >
            <div
              className="sc-bwzfXH jZccLu"
            />
          </div>
        </li>
        <li
          className="sc-ifAKCX cFlEyZ"
        >
          <div
            className="sc-bdVaJa ldkUXY"
          >
            <div
              className="sc-bwzfXH jZccLu"
            />
          </div>
        </li>
        <li
          className="sc-ifAKCX cFlEyZ"
        >
          <div
            className="sc-bdVaJa ldkUXY"
          >
            <div
              className="sc-bwzfXH jZccLu"
            />
          </div>
        </li>
        <li
          className="sc-ifAKCX cFlEyZ"
        >
          <div
            className="sc-bdVaJa ldkUXY"
          >
            <div
              className="sc-bwzfXH jZccLu"
            />
          </div>
        </li>
        <li
          className="sc-ifAKCX cFlEyZ"
        >
          <div
            className="sc-bdVaJa ldkUXY"
          >
            <div
              className="sc-bwzfXH jZccLu"
            />
          </div>
        </li>
        <li
          className="sc-ifAKCX cFlEyZ"
        >
          <div
            className="sc-bdVaJa ldkUXY"
          >
            <div
              className="sc-bwzfXH jZccLu"
            />
          </div>
        </li>
        <li
          className="sc-ifAKCX cFlEyZ"
        >
          <div
            className="sc-bdVaJa ldkUXY"
          >
            <div
              className="sc-bwzfXH jZccLu"
            />
          </div>
        </li>
        <li
          className="sc-ifAKCX cFlEyZ"
        >
          <div
            className="sc-bdVaJa ldkUXY"
          >
            <div
              className="sc-bwzfXH jZccLu"
            />
          </div>
        </li>
        <li
          className="sc-ifAKCX cFlEyZ"
        >
          <div
            className="sc-bdVaJa ldkUXY"
          >
            <div
              className="sc-bwzfXH jZccLu"
            />
          </div>
        </li>
        <li
          className="sc-ifAKCX cFlEyZ"
        >
          <div
            className="sc-bdVaJa ldkUXY"
          >
            <div
              className="sc-bwzfXH jZccLu"
            />
          </div>
        </li>
        <li
          className="sc-ifAKCX cFlEyZ"
        >
          <div
            className="sc-bdVaJa ldkUXY"
          >
            <div
              className="sc-bwzfXH jZccLu"
            />
          </div>
        </li>
        <li
          className="sc-ifAKCX cFlEyZ"
        >
          <div
            className="sc-bdVaJa ldkUXY"
          >
            <div
              className="sc-bwzfXH jZccLu"
            />
          </div>
        </li>
        <li
          className="sc-ifAKCX cFlEyZ"
        >
          <div
            className="sc-bdVaJa ldkUXY"
          >
            <div
              className="sc-bwzfXH jZccLu"
            />
          </div>
        </li>
        <li
          className="sc-ifAKCX cFlEyZ"
        >
          <div
            className="sc-bdVaJa ldkUXY"
          >
            <div
              className="sc-bwzfXH jZccLu"
            />
          </div>
        </li>
        <li
          className="sc-ifAKCX cFlEyZ"
        >
          <div
            className="sc-bdVaJa ldkUXY"
          >
            <div
              className="sc-bwzfXH jZccLu"
            />
          </div>
        </li>
        <li
          className="sc-ifAKCX cFlEyZ"
        >
          <div
            className="sc-bdVaJa ldkUXY"
          >
            <div
              className="sc-bwzfXH jZccLu"
            />
          </div>
        </li>
        <li
          className="sc-ifAKCX cFlEyZ"
        >
          <div
            className="sc-bdVaJa ldkUXY"
          >
            <div
              className="sc-bwzfXH jZccLu"
            />
          </div>
        </li>
        <li
          className="sc-ifAKCX cFlEyZ"
        >
          <div
            className="sc-bdVaJa ldkUXY"
          >
            <div
              className="sc-bwzfXH jZccLu"
            />
          </div>
        </li>
        <li
          className="sc-ifAKCX cFlEyZ"
        >
          <div
            className="sc-bdVaJa ldkUXY"
          >
            <div
              className="sc-bwzfXH jZccLu"
            />
          </div>
        </li>
        <li
          className="sc-ifAKCX cFlEyZ"
        >
          <div
            className="sc-bdVaJa ldkUXY"
          >
            <div
              className="sc-bwzfXH jZccLu"
            />
          </div>
        </li>
        <li
          className="sc-ifAKCX cFlEyZ"
        >
          <div
            className="sc-bdVaJa ldkUXY"
          >
            <div
              className="sc-bwzfXH jZccLu"
            />
          </div>
        </li>
        <li
          className="sc-ifAKCX cFlEyZ"
        >
          <div
            className="sc-bdVaJa ldkUXY"
          >
            <div
              className="sc-bwzfXH jZccLu"
            />
          </div>
        </li>
        <li
          className="sc-ifAKCX cFlEyZ"
        >
          <div
            className="sc-bdVaJa ldkUXY"
          >
            <div
              className="sc-bwzfXH jZccLu"
            />
          </div>
        </li>
        <li
          className="sc-ifAKCX cFlEyZ"
        >
          <div
            className="sc-bdVaJa ldkUXY"
          >
            <div
              className="sc-bwzfXH jZccLu"
            />
          </div>
        </li>
        <li
          className="sc-ifAKCX cFlEyZ"
        >
          <div
            className="sc-bdVaJa ldkUXY"
          >
            <div
              className="sc-bwzfXH jZccLu"
            />
          </div>
        </li>
        <li
          className="sc-ifAKCX cFlEyZ"
        >
          <div
            className="sc-bdVaJa ldkUXY"
          >
            <div
              className="sc-bwzfXH jZccLu"
            />
          </div>
        </li>
        <li
          className="sc-ifAKCX cFlEyZ"
        >
          <div
            className="sc-bdVaJa ldkUXY"
          >
            <div
              className="sc-bwzfXH jZccLu"
            />
          </div>
        </li>
        <li
          className="sc-ifAKCX cFlEyZ"
        >
          <div
            className="sc-bdVaJa ldkUXY"
          >
            <div
              className="sc-bwzfXH jZccLu"
            />
          </div>
        </li>
        <li
          className="sc-ifAKCX cFlEyZ"
        >
          <div
            className="sc-bdVaJa ldkUXY"
          >
            <div
              className="sc-bwzfXH jZccLu"
            />
          </div>
        </li>
        <li
          className="sc-ifAKCX cFlEyZ"
        >
          <div
            className="sc-bdVaJa ldkUXY"
          >
            <div
              className="sc-bwzfXH jZccLu"
            />
          </div>
        </li>
        <li
          className="sc-ifAKCX cFlEyZ"
        >
          <div
            className="sc-bdVaJa ldkUXY"
          >
            <div
              className="sc-bwzfXH jZccLu"
            />
          </div>
        </li>
        <li
          className="sc-ifAKCX cFlEyZ"
        >
          <div
            className="sc-bdVaJa ldkUXY"
          >
            <div
              className="sc-bwzfXH jZccLu"
            />
          </div>
        </li>
        <li
          className="sc-ifAKCX cFlEyZ"
        >
          <div
            className="sc-bdVaJa ldkUXY"
          >
            <div
              className="sc-bwzfXH jZccLu"
            />
          </div>
        </li>
        <li
          className="sc-ifAKCX cFlEyZ"
        >
          <div
            className="sc-bdVaJa ldkUXY"
          >
            <div
              className="sc-bwzfXH jZccLu"
            />
          </div>
        </li>
        <li
          className="sc-ifAKCX cFlEyZ"
        >
          <div
            className="sc-bdVaJa ldkUXY"
          >
            <div
              className="sc-bwzfXH jZccLu"
            />
          </div>
        </li>
        <li
          className="sc-ifAKCX cFlEyZ"
        >
          <div
            className="sc-bdVaJa ldkUXY"
          >
            <div
              className="sc-bwzfXH jZccLu"
            />
          </div>
        </li>
        <li
          className="sc-ifAKCX cFlEyZ"
        >
          <div
            className="sc-bdVaJa ldkUXY"
          >
            <div
              className="sc-bwzfXH jZccLu"
            />
          </div>
        </li>
        <li
          className="sc-ifAKCX cFlEyZ"
        >
          <div
            className="sc-bdVaJa ldkUXY"
          >
            <div
              className="sc-bwzfXH jZccLu"
            />
          </div>
        </li>
        <li
          className="sc-ifAKCX cFlEyZ"
        >
          <div
            className="sc-bdVaJa ldkUXY"
          >
            <div
              className="sc-bwzfXH jZccLu"
            />
          </div>
        </li>
      </ul>
    </div>
    <div
      className="sc-gzVnrw gxhySI"
    >
      <div
        className="sc-iwsKbI cBxrah"
      >
        <div
          className="sc-EHOje ebxVeD sc-htoDjs dARhit"
          size="md"
        >
          Size
        </div>
        <div
          className="sc-EHOje bLnuAZ sc-dnqmqq koHliJ"
          size="md"
        />
      </div>
      <div
        className="sc-gZMcBi jWPKqd"
      >
        <div
          className="sc-EHOje ebxVeD sc-htoDjs dARhit"
          size="md"
        >
          Difficulty
        </div>
        <div
          className="sc-EHOje bLnuAZ sc-dnqmqq koHliJ"
          size="md"
        />
      </div>
      <div
        className="sc-gqjmRU jpVdfh"
      >
        <div
          className="sc-EHOje ebxVeD sc-htoDjs dARhit"
          size="md"
        >
          Miner
        </div>
        <div
          className="sc-EHOje bLnuAZ sc-dnqmqq koHliJ"
          size="md"
        />
      </div>
    </div>
    <div
      className="sc-dxgOiQ iKOXYn"
    >
      <a
        className="sc-cSHVUG dWORRs sc-ckVGcZ bBUPhT"
        disabled={false}
        href="/block/7250672"
        type="secondary"
      >
        <div
          className="sc-kAzzGY ebaOMy"
        >
          <span
            className="sc-chPdSV dFswRj"
          >
            More Details
          </span>
        </div>
      </a>
    </div>
  </div>
</div>
`;
