// Jest Snapshot v1, https://goo.gl/fbAQLP

exports[`<RemoveWidow /> renders correctly 1`] = `"This is testÂ text"`;
