// Jest Snapshot v1, https://goo.gl/fbAQLP

exports[`<Loader /> renders correctly 1`] = `
<div
  className="sc-bdVaJa gkTMAp"
>
  <div
    className="sc-bwzfXH joZJSA"
  >
    <svg
      className="sc-htpNat boSHOw"
      viewBox="0 0 85 85"
    >
      <defs>
        <linearGradient
          id="markGradient"
          x1="-35.42%"
          x2="86.43%"
          y1="20.18%"
          y2="73.79%"
        >
          <stop
            offset="0%"
            stopColor="#B55DE9"
          />
          <stop
            offset="100%"
            stopColor="#6B21CC"
          />
        </linearGradient>
      </defs>
      <path
        d="M17.52 11h50.26c3.6 0 6.52 2.92 6.52 6.52v50.26c0 3.6-2.92 6.52-6.52 6.52H17.52A6.52 6.52 0 0 1 11 67.78V17.52c0-3.6 2.92-6.52 6.52-6.52z"
        fill="url(#markGradient)"
        transform="rotate(45 42.65 42.65)"
      />
      <path
        className="sc-bxivhb bNmAWC"
        d="M45.1 39.96l5.04-13.04c.25-.69-.8-1.13-1.39-.58L30.42 44.75c-.48.48-.05 1.12.67 1.04l6.82-.71-5.04 13.08c-.25.68.8 1.13 1.4.57l18.33-18.4c.47-.48.04-1.16-.68-1.08l-6.81.71z"
      />
    </svg>
  </div>
</div>
`;
