// Jest Snapshot v1, https://goo.gl/fbAQLP

exports[`<CardContent /> renders correctly 1`] = `
<div
  className="sc-jzJRlG hJqnBo"
>
  <div
    className="sc-EHOje lDWDu sc-cSHVUG hgJMFS"
    size="md"
  >
    Block number
  </div>
  <div
    className="sc-gqjmRU clhTnE"
    size="md"
  >
    #Â 
    100
  </div>
  <div
    className="sc-htpNat iWifPQ"
  >
    <ul
      className="sc-bxivhb gKrcp"
    >
      <li
        className="sc-ifAKCX cFlEyZ"
      >
        <div
          className="sc-bdVaJa ldkUXY"
        >
          <div
            className="sc-bwzfXH iZUhsD"
          />
        </div>
      </li>
      <li
        className="sc-ifAKCX cFlEyZ"
      >
        <div
          className="sc-bdVaJa ldkUXY"
        >
          <div
            className="sc-bwzfXH iZUhsD"
          />
        </div>
      </li>
      <li
        className="sc-ifAKCX cFlEyZ"
      >
        <div
          className="sc-bdVaJa ldkUXY"
        >
          <div
            className="sc-bwzfXH MVFvm"
          />
        </div>
      </li>
      <li
        className="sc-ifAKCX cFlEyZ"
      >
        <div
          className="sc-bdVaJa ldkUXY"
        >
          <div
            className="sc-bwzfXH MVFvm"
          />
        </div>
      </li>
      <li
        className="sc-ifAKCX cFlEyZ"
      >
        <div
          className="sc-bdVaJa ldkUXY"
        >
          <div
            className="sc-bwzfXH MVFvm"
          />
        </div>
      </li>
      <li
        className="sc-ifAKCX cFlEyZ"
      >
        <div
          className="sc-bdVaJa ldkUXY"
        >
          <div
            className="sc-bwzfXH MVFvm"
          />
        </div>
      </li>
      <li
        className="sc-ifAKCX cFlEyZ"
      >
        <div
          className="sc-bdVaJa ldkUXY"
        >
          <div
            className="sc-bwzfXH MVFvm"
          />
        </div>
      </li>
      <li
        className="sc-ifAKCX cFlEyZ"
      >
        <div
          className="sc-bdVaJa ldkUXY"
        >
          <div
            className="sc-bwzfXH MVFvm"
          />
        </div>
      </li>
      <li
        className="sc-ifAKCX cFlEyZ"
      >
        <div
          className="sc-bdVaJa ldkUXY"
        >
          <div
            className="sc-bwzfXH MVFvm"
          />
        </div>
      </li>
      <li
        className="sc-ifAKCX cFlEyZ"
      >
        <div
          className="sc-bdVaJa ldkUXY"
        >
          <div
            className="sc-bwzfXH MVFvm"
          />
        </div>
      </li>
      <li
        className="sc-ifAKCX cFlEyZ"
      >
        <div
          className="sc-bdVaJa ldkUXY"
        >
          <div
            className="sc-bwzfXH MVFvm"
          />
        </div>
      </li>
      <li
        className="sc-ifAKCX cFlEyZ"
      >
        <div
          className="sc-bdVaJa ldkUXY"
        >
          <div
            className="sc-bwzfXH MVFvm"
          />
        </div>
      </li>
      <li
        className="sc-ifAKCX cFlEyZ"
      >
        <div
          className="sc-bdVaJa ldkUXY"
        >
          <div
            className="sc-bwzfXH MVFvm"
          />
        </div>
      </li>
      <li
        className="sc-ifAKCX cFlEyZ"
      >
        <div
          className="sc-bdVaJa ldkUXY"
        >
          <div
            className="sc-bwzfXH MVFvm"
          />
        </div>
      </li>
      <li
        className="sc-ifAKCX cFlEyZ"
      >
        <div
          className="sc-bdVaJa ldkUXY"
        >
          <div
            className="sc-bwzfXH MVFvm"
          />
        </div>
      </li>
      <li
        className="sc-ifAKCX cFlEyZ"
      >
        <div
          className="sc-bdVaJa ldkUXY"
        >
          <div
            className="sc-bwzfXH MVFvm"
          />
        </div>
      </li>
      <li
        className="sc-ifAKCX cFlEyZ"
      >
        <div
          className="sc-bdVaJa ldkUXY"
        >
          <div
            className="sc-bwzfXH MVFvm"
          />
        </div>
      </li>
      <li
        className="sc-ifAKCX cFlEyZ"
      >
        <div
          className="sc-bdVaJa ldkUXY"
        >
          <div
            className="sc-bwzfXH MVFvm"
          />
        </div>
      </li>
      <li
        className="sc-ifAKCX cFlEyZ"
      >
        <div
          className="sc-bdVaJa ldkUXY"
        >
          <div
            className="sc-bwzfXH MVFvm"
          />
        </div>
      </li>
      <li
        className="sc-ifAKCX cFlEyZ"
      >
        <div
          className="sc-bdVaJa ldkUXY"
        >
          <div
            className="sc-bwzfXH MVFvm"
          />
        </div>
      </li>
      <li
        className="sc-ifAKCX cFlEyZ"
      >
        <div
          className="sc-bdVaJa ldkUXY"
        >
          <div
            className="sc-bwzfXH MVFvm"
          />
        </div>
      </li>
      <li
        className="sc-ifAKCX cFlEyZ"
      >
        <div
          className="sc-bdVaJa ldkUXY"
        >
          <div
            className="sc-bwzfXH MVFvm"
          />
        </div>
      </li>
      <li
        className="sc-ifAKCX cFlEyZ"
      >
        <div
          className="sc-bdVaJa ldkUXY"
        >
          <div
            className="sc-bwzfXH MVFvm"
          />
        </div>
      </li>
      <li
        className="sc-ifAKCX cFlEyZ"
      >
        <div
          className="sc-bdVaJa ldkUXY"
        >
          <div
            className="sc-bwzfXH MVFvm"
          />
        </div>
      </li>
      <li
        className="sc-ifAKCX cFlEyZ"
      >
        <div
          className="sc-bdVaJa ldkUXY"
        >
          <div
            className="sc-bwzfXH MVFvm"
          />
        </div>
      </li>
      <li
        className="sc-ifAKCX cFlEyZ"
      >
        <div
          className="sc-bdVaJa ldkUXY"
        >
          <div
            className="sc-bwzfXH MVFvm"
          />
        </div>
      </li>
      <li
        className="sc-ifAKCX cFlEyZ"
      >
        <div
          className="sc-bdVaJa ldkUXY"
        >
          <div
            className="sc-bwzfXH MVFvm"
          />
        </div>
      </li>
      <li
        className="sc-ifAKCX cFlEyZ"
      >
        <div
          className="sc-bdVaJa ldkUXY"
        >
          <div
            className="sc-bwzfXH MVFvm"
          />
        </div>
      </li>
      <li
        className="sc-ifAKCX cFlEyZ"
      >
        <div
          className="sc-bdVaJa ldkUXY"
        >
          <div
            className="sc-bwzfXH MVFvm"
          />
        </div>
      </li>
      <li
        className="sc-ifAKCX cFlEyZ"
      >
        <div
          className="sc-bdVaJa ldkUXY"
        >
          <div
            className="sc-bwzfXH MVFvm"
          />
        </div>
      </li>
      <li
        className="sc-ifAKCX cFlEyZ"
      >
        <div
          className="sc-bdVaJa ldkUXY"
        >
          <div
            className="sc-bwzfXH MVFvm"
          />
        </div>
      </li>
      <li
        className="sc-ifAKCX cFlEyZ"
      >
        <div
          className="sc-bdVaJa ldkUXY"
        >
          <div
            className="sc-bwzfXH MVFvm"
          />
        </div>
      </li>
      <li
        className="sc-ifAKCX cFlEyZ"
      >
        <div
          className="sc-bdVaJa ldkUXY"
        >
          <div
            className="sc-bwzfXH MVFvm"
          />
        </div>
      </li>
      <li
        className="sc-ifAKCX cFlEyZ"
      >
        <div
          className="sc-bdVaJa ldkUXY"
        >
          <div
            className="sc-bwzfXH MVFvm"
          />
        </div>
      </li>
      <li
        className="sc-ifAKCX cFlEyZ"
      >
        <div
          className="sc-bdVaJa ldkUXY"
        >
          <div
            className="sc-bwzfXH MVFvm"
          />
        </div>
      </li>
      <li
        className="sc-ifAKCX cFlEyZ"
      >
        <div
          className="sc-bdVaJa ldkUXY"
        >
          <div
            className="sc-bwzfXH MVFvm"
          />
        </div>
      </li>
      <li
        className="sc-ifAKCX cFlEyZ"
      >
        <div
          className="sc-bdVaJa ldkUXY"
        >
          <div
            className="sc-bwzfXH MVFvm"
          />
        </div>
      </li>
      <li
        className="sc-ifAKCX cFlEyZ"
      >
        <div
          className="sc-bdVaJa ldkUXY"
        >
          <div
            className="sc-bwzfXH MVFvm"
          />
        </div>
      </li>
      <li
        className="sc-ifAKCX cFlEyZ"
      >
        <div
          className="sc-bdVaJa ldkUXY"
        >
          <div
            className="sc-bwzfXH MVFvm"
          />
        </div>
      </li>
      <li
        className="sc-ifAKCX cFlEyZ"
      >
        <div
          className="sc-bdVaJa ldkUXY"
        >
          <div
            className="sc-bwzfXH MVFvm"
          />
        </div>
      </li>
      <li
        className="sc-ifAKCX cFlEyZ"
      >
        <div
          className="sc-bdVaJa ldkUXY"
        >
          <div
            className="sc-bwzfXH MVFvm"
          />
        </div>
      </li>
      <li
        className="sc-ifAKCX cFlEyZ"
      >
        <div
          className="sc-bdVaJa ldkUXY"
        >
          <div
            className="sc-bwzfXH MVFvm"
          />
        </div>
      </li>
      <li
        className="sc-ifAKCX cFlEyZ"
      >
        <div
          className="sc-bdVaJa ldkUXY"
        >
          <div
            className="sc-bwzfXH MVFvm"
          />
        </div>
      </li>
      <li
        className="sc-ifAKCX cFlEyZ"
      >
        <div
          className="sc-bdVaJa ldkUXY"
        >
          <div
            className="sc-bwzfXH MVFvm"
          />
        </div>
      </li>
      <li
        className="sc-ifAKCX cFlEyZ"
      >
        <div
          className="sc-bdVaJa ldkUXY"
        >
          <div
            className="sc-bwzfXH MVFvm"
          />
        </div>
      </li>
      <li
        className="sc-ifAKCX cFlEyZ"
      >
        <div
          className="sc-bdVaJa ldkUXY"
        >
          <div
            className="sc-bwzfXH MVFvm"
          />
        </div>
      </li>
      <li
        className="sc-ifAKCX cFlEyZ"
      >
        <div
          className="sc-bdVaJa ldkUXY"
        >
          <div
            className="sc-bwzfXH MVFvm"
          />
        </div>
      </li>
      <li
        className="sc-ifAKCX cFlEyZ"
      >
        <div
          className="sc-bdVaJa ldkUXY"
        >
          <div
            className="sc-bwzfXH MVFvm"
          />
        </div>
      </li>
      <li
        className="sc-ifAKCX cFlEyZ"
      >
        <div
          className="sc-bdVaJa ldkUXY"
        >
          <div
            className="sc-bwzfXH MVFvm"
          />
        </div>
      </li>
      <li
        className="sc-ifAKCX cFlEyZ"
      >
        <div
          className="sc-bdVaJa ldkUXY"
        >
          <div
            className="sc-bwzfXH MVFvm"
          />
        </div>
      </li>
      <li
        className="sc-ifAKCX cFlEyZ"
      >
        <div
          className="sc-bdVaJa ldkUXY"
        >
          <div
            className="sc-bwzfXH MVFvm"
          />
        </div>
      </li>
      <li
        className="sc-ifAKCX cFlEyZ"
      >
        <div
          className="sc-bdVaJa ldkUXY"
        >
          <div
            className="sc-bwzfXH MVFvm"
          />
        </div>
      </li>
      <li
        className="sc-ifAKCX cFlEyZ"
      >
        <div
          className="sc-bdVaJa ldkUXY"
        >
          <div
            className="sc-bwzfXH MVFvm"
          />
        </div>
      </li>
      <li
        className="sc-ifAKCX cFlEyZ"
      >
        <div
          className="sc-bdVaJa ldkUXY"
        >
          <div
            className="sc-bwzfXH MVFvm"
          />
        </div>
      </li>
      <li
        className="sc-ifAKCX cFlEyZ"
      >
        <div
          className="sc-bdVaJa ldkUXY"
        >
          <div
            className="sc-bwzfXH MVFvm"
          />
        </div>
      </li>
      <li
        className="sc-ifAKCX cFlEyZ"
      >
        <div
          className="sc-bdVaJa ldkUXY"
        >
          <div
            className="sc-bwzfXH MVFvm"
          />
        </div>
      </li>
      <li
        className="sc-ifAKCX cFlEyZ"
      >
        <div
          className="sc-bdVaJa ldkUXY"
        >
          <div
            className="sc-bwzfXH MVFvm"
          />
        </div>
      </li>
      <li
        className="sc-ifAKCX cFlEyZ"
      >
        <div
          className="sc-bdVaJa ldkUXY"
        >
          <div
            className="sc-bwzfXH MVFvm"
          />
        </div>
      </li>
      <li
        className="sc-ifAKCX cFlEyZ"
      >
        <div
          className="sc-bdVaJa ldkUXY"
        >
          <div
            className="sc-bwzfXH MVFvm"
          />
        </div>
      </li>
      <li
        className="sc-ifAKCX cFlEyZ"
      >
        <div
          className="sc-bdVaJa ldkUXY"
        >
          <div
            className="sc-bwzfXH MVFvm"
          />
        </div>
      </li>
    </ul>
  </div>
  <div
    className="sc-gzVnrw tDqEr"
  >
    <div
      className="sc-dnqmqq fIzaDg"
    >
      <div
        className="sc-EHOje lDWDu sc-htoDjs fQTEmD"
        size="md"
      >
        Size:
      </div>
      <div
        className="sc-EHOje bxudVz"
        size="md"
      />
    </div>
    <div
      className="sc-iwsKbI oGtyr"
    >
      <div
        className="sc-EHOje lDWDu sc-htoDjs fQTEmD"
        size="md"
      >
        Difficulty:
      </div>
      <div
        className="sc-EHOje bxudVz"
        size="md"
      />
    </div>
    <div
      className="sc-gZMcBi hLskcw"
    >
      <div
        className="sc-EHOje lDWDu sc-htoDjs fQTEmD"
        size="md"
      >
        Miner:
      </div>
      <div
        className="sc-EHOje bxudVz"
        size="md"
      />
    </div>
  </div>
  <div
    className="sc-kAzzGY jGZfpE"
  >
    <a
      buttonType="secondary"
      className="sc-jTzLTM AcgRr"
      href="/blocks/100"
    >
      <span
        className="sc-fjdhpX bfkhVz"
      >
        More Details
      </span>
    </a>
  </div>
</div>
`;
