// Jest Snapshot v1, https://goo.gl/fbAQLP

exports[`<Transaction /> renders correctly 1`] = `
<tr
  className="sc-cSHVUG izuQkF"
>
  <td
    className="sc-bdVaJa sc-bwzfXH dfeDEW"
  >
    <div
      className="sc-EHOje eLosOs"
      size="xs"
    />
  </td>
  <td
    className="sc-bdVaJa sc-htpNat jDGsFT"
  >
    <div
      className="sc-gzVnrw gfZtNX sc-jzJRlG dHdNug"
      size="md"
    />
  </td>
  <td
    className="sc-bdVaJa sc-bxivhb hxXuRT"
  >
    <div
      className="sc-gqjmRU jDgOTw"
    >
      <div
        className="sc-dnqmqq hgouuL sc-VigVT czeWEy"
      >
        <div
          className="sc-gzVnrw jdISSh"
          size="sm"
        />
      </div>
      <div
        className="sc-jTzLTM kwaODZ"
      >
        <div
          className="sc-iwsKbI iUEoeV"
        >
          <svg
            className="sc-gZMcBi didhH"
          >
            <use
              xlinkHref="/icon-sprite.svg#arrow-right"
            />
          </svg>
        </div>
      </div>
      <div
        className="sc-dnqmqq hgouuL sc-VigVT czeWEy"
      >
        <div
          className="sc-gzVnrw jdISSh"
          size="sm"
        />
      </div>
    </div>
  </td>
  <td
    className="sc-bdVaJa sc-ifAKCX gEVBXo"
  >
    <div
      className="sc-gzVnrw gfZtNX"
      size="md"
    />
  </td>
</tr>
`;
