// Jest Snapshot v1, https://goo.gl/fbAQLP

exports[`<Label /> renders correctly 1`] = `
<div
  className="sc-bdVaJa dkTHfR"
  size="md"
/>
`;
