// Jest Snapshot v1, https://goo.gl/fbAQLP

exports[`<LoadingIndicator /> renders correctly 1`] = `
<div
  className="sc-bdVaJa bSPSET"
  style={
    Object {
      "opacity": 0,
    }
  }
>
  <div
    className="sc-bwzfXH jIPMuh"
    style={
      Object {
        "transform": "translate3d(-100%,0,0)",
      }
    }
  />
</div>
`;
