// Jest Snapshot v1, https://goo.gl/fbAQLP

exports[`<LoadingStrip /> renders correctly 1`] = `
<div
  className="sc-cSHVUG abUMB"
/>
`;
