// Jest Snapshot v1, https://goo.gl/fbAQLP

exports[`<LabelText /> renders correctly 1`] = `
<div
  className="sc-bdVaJa hqpQZd"
  width="md"
>
  Â 
</div>
`;
